
Admin@DellRy5RU MINGW64 /f/VsCodeLap/RikkeiAC/BE_JV/Module2/JDBC (main)
$ cd ..

Admin@DellRy5RU MINGW64 /f/VsCodeLap/RikkeiAC/BE_JV/Module2 (main)
$ git add -f JDBC/*
warning: in the working copy of 'JDBC/src/Main.java', LF will be replaced by CRLF the next time Git touches it

Admin@DellRy5RU MINGW64 /f/VsCodeLap/RikkeiAC/BE_JV/Module2 (main)
$ git add JDBC/*
The following paths are ignored by one of your .gitignore files:
JDBC/out
hint: Use -f if you really want to add them.
hint: Disable this message with "git config advice.addIgnoredFile false"

Admin@DellRy5RU MINGW64 /f/VsCodeLap/RikkeiAC/BE_JV/Module2 (main)
$ git commit -m "Thêm tệp JDBC bị bỏ qua"
git push origin main
[main 010c49e] Thêm tệp JDBC bị bỏ qua
 48 files changed, 2271 insertions(+)
 create mode 100644 JDBC/JDBC.iml
 create mode 100644 JDBC/out/production/JDBC/Main.class
 create mode 100644 JDBC/out/production/JDBC/ra/business/BookBusiness.class
 create mode 100644 JDBC/out/production/JDBC/ra/business/BookDAO.class
 create mode 100644 JDBC/out/production/JDBC/ra/business/BookTypeBusiness.class
 create mode 100644 JDBC/out/production/JDBC/ra/business/BookTypeDAO.class
 create mode 100644 JDBC/out/production/JDBC/ra/entity/Book.class
 create mode 100644 JDBC/out/production/JDBC/ra/entity/BookType.class
 create mode 100644 JDBC/out/production/JDBC/ra/entity/IBookManagement.class
 create mode 100644 JDBC/out/production/JDBC/ra/presentation/BookManagement.class
 create mode 100644 JDBC/out/production/JDBC/ra/presentation/BookManagementGUI$1.class
 create mode 100644 JDBC/out/production/JDBC/ra/presentation/BookManagementGUI$2.class
 create mode 100644 JDBC/out/production/JDBC/ra/presentation/BookManagementGUI$3.class
 create mode 100644 JDBC/out/production/JDBC/ra/presentation/BookManagementGUI$4.class
 create mode 100644 JDBC/out/production/JDBC/ra/presentation/BookManagementGUI$5.class
 create mode 100644 JDBC/out/production/JDBC/ra/presentation/BookManagementGUI$6.class
 create mode 100644 JDBC/out/production/JDBC/ra/presentation/BookManagementGUI$7.class
 create mode 100644 JDBC/out/production/JDBC/ra/presentation/BookManagementGUI$8.class
 create mode 100644 JDBC/out/production/JDBC/ra/presentation/BookManagementGUI$9.class
 create mode 100644 JDBC/out/production/JDBC/ra/presentation/BookManagementGUI.class
 create mode 100644 JDBC/out/production/JDBC/ra/util/ConnectionDB.class
 create mode 100644 JDBC/out/production/JDBC/raExample/util/ConnectionDB.class
 create mode 100644 JDBC/out/production/JDBC/raExample/util/Demo/UniversityDatabase.class
 create mode 100644 JDBC/out/production/JDBC/raExample/util/JDBCExample.class
 create mode 100644 JDBC/out/production/JDBC/raExample/util/JDBCExample1.class
 create mode 100644 JDBC/out/production/JDBC/raExample/util/Main.class
 create mode 100644 JDBC/out/production/JDBC/raExample/util/Note.md
 create mode 100644 JDBC/out/production/JDBC/raExample/util/Note_CachTaoDataBaseTrongIntelIJ.md
 create mode 100644 JDBC/out/production/JDBC/raExample/util/ProductDAO.class
 create mode 100644 JDBC/src/Main.java
 create mode 100644 JDBC/src/ra/business/BookBusiness.java
 create mode 100644 JDBC/src/ra/business/BookDAO.java
 create mode 100644 JDBC/src/ra/business/BookTypeBusiness.java
 create mode 100644 JDBC/src/ra/business/BookTypeDAO.java
 create mode 100644 JDBC/src/ra/entity/Book.java
 create mode 100644 JDBC/src/ra/entity/BookType.java
 create mode 100644 JDBC/src/ra/entity/IBookManagement.java
 create mode 100644 JDBC/src/ra/presentation/BookManagement.java
 create mode 100644 JDBC/src/ra/presentation/BookManagementGUI.java
 create mode 100644 JDBC/src/ra/util/ConnectionDB.java
 create mode 100644 JDBC/src/raExample/util/ConnectionDB.java
 create mode 100644 JDBC/src/raExample/util/Demo/UniversityDatabase.java
 create mode 100644 JDBC/src/raExample/util/JDBCExample.java
 create mode 100644 JDBC/src/raExample/util/JDBCExample1.java
 create mode 100644 JDBC/src/raExample/util/Main.java
 create mode 100644 JDBC/src/raExample/util/Note.md
 create mode 100644 JDBC/src/raExample/util/Note_CachTaoDataBaseTrongIntelIJ.md
 create mode 100644 JDBC/src/raExample/util/ProductDAO.java
Enumerating objects: 70, done.
Counting objects: 100% (70/70), done.
Delta compression using up to 8 threads
Compressing objects: 100% (63/63), done.
Writing objects: 100% (69/69), 56.09 KiB | 2.00 MiB/s, done.
Total 69 (delta 15), reused 0 (delta 0), pack-reused 0 (from 0)
remote: Resolving deltas: 100% (15/15), completed with 1 local object.
To https://github.com/Casava2127/Module2_JVRK.git
   2f13247..010c49e  main -> main

Admin@DellRy5RU MINGW64 /f/VsCodeLap/RikkeiAC/BE_JV/Module2 (main)
$ cd ..

Admin@DellRy5RU MINGW64 /f/VsCodeLap/RikkeiAC/BE_JV
$ cd Module_3
bash: cd: Module_3: No such file or directory

Admin@DellRy5RU MINGW64 /f/VsCodeLap/RikkeiAC/BE_JV
$ cd Module3

Admin@DellRy5RU MINGW64 /f/VsCodeLap/RikkeiAC/BE_JV/Module3 (main)
$ git add
Nothing specified, nothing added.
hint: Maybe you wanted to say 'git add .'?
hint: Disable this message with "git config advice.addEmptyPathspec false"

Admin@DellRy5RU MINGW64 /f/VsCodeLap/RikkeiAC/BE_JV/Module3 (main)
$ git add ra_jv240711_md2_employeeManagement

Admin@DellRy5RU MINGW64 /f/VsCodeLap/RikkeiAC/BE_JV/Module3 (main)
$ git coommit -m"mvcEmployee"
git: 'coommit' is not a git command. See 'git --help'.

The most similar command is
        commit

Admin@DellRy5RU MINGW64 /f/VsCodeLap/RikkeiAC/BE_JV/Module3 (main)
$ git commit -m"mvcEmployee"
[main 52718e8] mvcEmployee
 31 files changed, 955 insertions(+)
 create mode 100644 ra_jv240711_md2_employeeManagement/.gitignore
 create mode 100644 ra_jv240711_md2_employeeManagement/.idea/.gitignore
 create mode 100644 ra_jv240711_md2_employeeManagement/.idea/.name
 create mode 100644 ra_jv240711_md2_employeeManagement/.idea/dataSources.xml
 create mode 100644 ra_jv240711_md2_employeeManagement/.idea/gradle.xml
 create mode 100644 ra_jv240711_md2_employeeManagement/.idea/misc.xml
 create mode 100644 ra_jv240711_md2_employeeManagement/build.gradle
 create mode 100644 ra_jv240711_md2_employeeManagement/gradle/wrapper/gradle-wrapper.jar
 create mode 100644 ra_jv240711_md2_employeeManagement/gradle/wrapper/gradle-wrapper.properties
 create mode 100644 ra_jv240711_md2_employeeManagement/gradlew
 create mode 100644 ra_jv240711_md2_employeeManagement/gradlew.bat
 create mode 100644 ra_jv240711_md2_employeeManagement/settings.gradle
 create mode 100644 ra_jv240711_md2_employeeManagement/src/main/java/ra/emp/config/AppConfig.java
 create mode 100644 ra_jv240711_md2_employeeManagement/src/main/java/ra/emp/config/WebConfig.java
 create mode 100644 ra_jv240711_md2_employeeManagement/src/main/java/ra/emp/controller/EmployeeController.java
 create mode 100644 ra_jv240711_md2_employeeManagement/src/main/java/ra/emp/model/Department.java
 create mode 100644 ra_jv240711_md2_employeeManagement/src/main/java/ra/emp/model/Employee.java
 create mode 100644 ra_jv240711_md2_employeeManagement/src/main/java/ra/emp/repository/DepartmentRepository.java
 create mode 100644 ra_jv240711_md2_employeeManagement/src/main/java/ra/emp/repository/EmployeeRepository.java
 create mode 100644 ra_jv240711_md2_employeeManagement/src/main/java/ra/emp/repository/imp/DepartmentRepositoryImp.java
 create mode 100644 ra_jv240711_md2_employeeManagement/src/main/java/ra/emp/repository/imp/EmployeeRepositoryImp.java
 create mode 100644 ra_jv240711_md2_employeeManagement/src/main/java/ra/emp/service/DepartmentService.java
 create mode 100644 ra_jv240711_md2_employeeManagement/src/main/java/ra/emp/service/EmployeeService.java
 create mode 100644 ra_jv240711_md2_employeeManagement/src/main/java/ra/emp/service/imp/DepartmentServiceImp.java
 create mode 100644 ra_jv240711_md2_employeeManagement/src/main/java/ra/emp/service/imp/EmployeeServiceImp.java
 create mode 100644 ra_jv240711_md2_employeeManagement/src/main/java/ra/emp/util/ConnectionDB.java
 create mode 100644 ra_jv240711_md2_employeeManagement/src/main/webapp/WEB-INF/web.xml
 create mode 100644 ra_jv240711_md2_employeeManagement/src/main/webapp/index.jsp
 create mode 100644 ra_jv240711_md2_employeeManagement/src/main/webapp/views/employees.jsp
 create mode 100644 ra_jv240711_md2_employeeManagement/src/main/webapp/views/error.jsp
 create mode 100644 ra_jv240711_md2_employeeManagement/src/main/webapp/views/newEmployee.jsp

Admin@DellRy5RU MINGW64 /f/VsCodeLap/RikkeiAC/BE_JV/Module3 (main)
$ git push
Enumerating objects: 54, done.
Counting objects: 100% (54/54), done.
Delta compression using up to 8 threads
Compressing objects: 100% (45/45), done.
Writing objects: 100% (53/53), 67.71 KiB | 2.82 MiB/s, done.
Total 53 (delta 2), reused 0 (delta 0), pack-reused 0 (from 0)
remote: Resolving deltas: 100% (2/2), completed with 1 local object.
To https://github.com/Casava2127/Module3_JVRK_SpringMVC.git
   e7d62ad..52718e8  main -> main

Admin@DellRy5RU MINGW64 /f/VsCodeLap/RikkeiAC/BE_JV/Module3 (main)
$ git clone https://github.com/quangndhn84/ra_jv240711_md3_session01.git
Cloning into 'ra_jv240711_md3_session01'...
remote: Enumerating objects: 68, done.
remote: Counting objects: 100% (68/68), done.
remote: Compressing objects: 100% (47/47), done.
remote: Total 68 (delta 11), reused 65 (delta 8), pack-reused 0 (from 0)
Receiving objects: 100% (68/68), 68.09 KiB | 639.00 KiB/s, done.
Resolving deltas: 100% (11/11), done.

Admin@DellRy5RU MINGW64 /f/VsCodeLap/RikkeiAC/BE_JV/Module3 (main)
$ cd ra_jv240711_md3_session01

Admin@DellRy5RU MINGW64 /f/VsCodeLap/RikkeiAC/BE_JV/Module3/ra_jv240711_md3_session01 (main)
$ rm -rf .git

Admin@DellRy5RU MINGW64 /f/VsCodeLap/RikkeiAC/BE_JV/Module3/ra_jv240711_md3_session01 (main)
$ ls
build.gradle  gradle/  gradlew*  gradlew.bat  settings.gradle  src/

Admin@DellRy5RU MINGW64 /f/VsCodeLap/RikkeiAC/BE_JV/Module3/ra_jv240711_md3_session01 (main)
$ git add ra_jv240711_md3_session01
fatal: pathspec 'ra_jv240711_md3_session01' did not match any files

Admin@DellRy5RU MINGW64 /f/VsCodeLap/RikkeiAC/BE_JV/Module3/ra_jv240711_md3_session01 (main)
$ cd ..

Admin@DellRy5RU MINGW64 /f/VsCodeLap/RikkeiAC/BE_JV/Module3 (main)
$ git add ra_jv240711_md3_session01

Admin@DellRy5RU MINGW64 /f/VsCodeLap/RikkeiAC/BE_JV/Module3 (main)
$ git commit -m"comSS1"
[main ce32745] comSS1
 26 files changed, 982 insertions(+)
 create mode 100644 ra_jv240711_md3_session01/.gitignore
 create mode 100644 ra_jv240711_md3_session01/.idea/.gitignore
 create mode 100644 ra_jv240711_md3_session01/.idea/.name
 create mode 100644 ra_jv240711_md3_session01/.idea/dataSources.xml
 create mode 100644 ra_jv240711_md3_session01/.idea/gradle.xml
 create mode 100644 ra_jv240711_md3_session01/.idea/misc.xml
 create mode 100644 ra_jv240711_md3_session01/.idea/vcs.xml
 create mode 100644 ra_jv240711_md3_session01/build.gradle
 create mode 100644 ra_jv240711_md3_session01/gradle/wrapper/gradle-wrapper.jar
 create mode 100644 ra_jv240711_md3_session01/gradle/wrapper/gradle-wrapper.properties
 create mode 100644 ra_jv240711_md3_session01/gradlew
 create mode 100644 ra_jv240711_md3_session01/gradlew.bat
 create mode 100644 ra_jv240711_md3_session01/settings.gradle
 create mode 100644 ra_jv240711_md3_session01/src/main/java/ra/com/controller/CategoriesController.java
 create mode 100644 ra_jv240711_md3_session01/src/main/java/ra/com/entity/Categories.java
 create mode 100644 ra_jv240711_md3_session01/src/main/java/ra/com/reposistory/CategoriesRepository.java
 create mode 100644 ra_jv240711_md3_session01/src/main/java/ra/com/reposistory/imp/CategoriesRepositoryImp.java
 create mode 100644 ra_jv240711_md3_session01/src/main/java/ra/com/service/CategoriesService.java
 create mode 100644 ra_jv240711_md3_session01/src/main/java/ra/com/service/imp/CategoriesServiceImp.java
 create mode 100644 ra_jv240711_md3_session01/src/main/java/ra/com/util/ConnectionDB.java
 create mode 100644 ra_jv240711_md3_session01/src/main/webapp/WEB-INF/web.xml
 create mode 100644 ra_jv240711_md3_session01/src/main/webapp/index.jsp
 create mode 100644 ra_jv240711_md3_session01/src/main/webapp/views/categories.jsp
 create mode 100644 ra_jv240711_md3_session01/src/main/webapp/views/error.jsp
 create mode 100644 ra_jv240711_md3_session01/src/main/webapp/views/newCategories.jsp
 create mode 100644 ra_jv240711_md3_session01/src/main/webapp/views/updateCategories.jsp

Admin@DellRy5RU MINGW64 /f/VsCodeLap/RikkeiAC/BE_JV/Module3 (main)
$ git push
Enumerating objects: 48, done.
Counting objects: 100% (48/48), done.
Delta compression using up to 8 threads
Compressing objects: 100% (38/38), done.
Writing objects: 100% (47/47), 66.70 KiB | 3.71 MiB/s, done.
Total 47 (delta 3), reused 0 (delta 0), pack-reused 0 (from 0)
remote: Resolving deltas: 100% (3/3), completed with 1 local object.
To https://github.com/Casava2127/Module3_JVRK_SpringMVC.git
   52718e8..ce32745  main -> main

Admin@DellRy5RU MINGW64 /f/VsCodeLap/RikkeiAC/BE_JV/Module3 (main)


















Admin@DellRy5RU MINGW64 /f/VsCodeLap/RikkeiAC/BE_JV/Module3 (main)
$ git status
On branch main
Your branch is up to date with 'origin/main'.

Untracked files:
  (use "git add <file>..." to include in what will be committed)
        ThayDoiNho.txt

nothing added to commit but untracked files present (use "git add" to track)

Admin@DellRy5RU MINGW64 /f/VsCodeLap/RikkeiAC/BE_JV/Module3 (main)
$ git add -A

Admin@DellRy5RU MINGW64 /f/VsCodeLap/RikkeiAC/BE_JV/Module3 (main)
$ git diff

Admin@DellRy5RU MINGW64 /f/VsCodeLap/RikkeiAC/BE_JV/Module3 (main)
$ git commit -m"tahydoinho"
[main 1f7c756] tahydoinho
 1 file changed, 81 insertions(+)
 create mode 100644 ThayDoiNho.txt

Admin@DellRy5RU MINGW64 /f/VsCodeLap/RikkeiAC/BE_JV/Module3 (main)
$ git push origin main
Enumerating objects: 4, done.
Counting objects: 100% (4/4), done.
Delta compression using up to 8 threads
Compressing objects: 100% (3/3), done.
Writing objects: 100% (3/3), 1.55 KiB | 1.55 MiB/s, done.
Total 3 (delta 1), reused 0 (delta 0), pack-reused 0 (from 0)
remote: Resolving deltas: 100% (1/1), completed with 1 local object.
To https://github.com/Casava2127/Module3_JVRK_SpringMVC.git
   32762f2..1f7c756  main -> main

Admin@DellRy5RU MINGW64 /f/VsCodeLap/RikkeiAC/BE_JV/Module3 (main)
$ git status
On branch main
Your branch is up to date with 'origin/main'.

Changes not staged for commit:
  (use "git add <file>..." to update what will be committed)
  (use "git restore <file>..." to discard changes in working directory)
        modified:   ThayDoiNho.txt

no changes added to commit (use "git add" and/or "git commit -a")

Admin@DellRy5RU MINGW64 /f/VsCodeLap/RikkeiAC/BE_JV/Module3 (main)
$ git add ThayDoiNho.txt

Admin@DellRy5RU MINGW64 /f/VsCodeLap/RikkeiAC/BE_JV/Module3 (main)
$ git commit -m"ThayDoiNho1"
[main 7a9ed7d] ThayDoiNho1
 1 file changed, 14 insertions(+)

Admin@DellRy5RU MINGW64 /f/VsCodeLap/RikkeiAC/BE_JV/Module3 (main)
$ git push
Enumerating objects: 5, done.
Counting objects: 100% (5/5), done.
Delta compression using up to 8 threads
Compressing objects: 100% (3/3), done.
Writing objects: 100% (3/3), 316 bytes | 316.00 KiB/s, done.
Total 3 (delta 2), reused 0 (delta 0), pack-reused 0 (from 0)
remote: Resolving deltas: 100% (2/2), completed with 2 local objects.
To https://github.com/Casava2127/Module3_JVRK_SpringMVC.git
   1f7c756..7a9ed7d  main -> main

Admin@DellRy5RU MINGW64 /f/VsCodeLap/RikkeiAC/BE_JV/Module3 (main)

